selfhost/stage01/tests/historical-debug/as_bisect1.c
selfhost/stage01/tests/historical-debug/as_bisect10.c
selfhost/stage01/tests/historical-debug/as_bisect11.c
selfhost/stage01/tests/historical-debug/as_bisect12.c
selfhost/stage01/tests/historical-debug/as_bisect13.c
selfhost/stage01/tests/historical-debug/as_bisect14.c
selfhost/stage01/tests/historical-debug/as_bisect15.c
selfhost/stage01/tests/historical-debug/as_bisect16.c
selfhost/stage01/tests/historical-debug/as_bisect17.c
selfhost/stage01/tests/historical-debug/as_bisect18.c
selfhost/stage01/tests/historical-debug/as_bisect19.c
selfhost/stage01/tests/historical-debug/as_bisect2.c
selfhost/stage01/tests/historical-debug/as_bisect20.c
selfhost/stage01/tests/historical-debug/as_bisect21.c
selfhost/stage01/tests/historical-debug/as_bisect22.c
selfhost/stage01/tests/historical-debug/as_bisect23.c
selfhost/stage01/tests/historical-debug/as_bisect24.c
selfhost/stage01/tests/historical-debug/as_bisect25.c
selfhost/stage01/tests/historical-debug/as_bisect26.c
selfhost/stage01/tests/historical-debug/as_bisect27.c
selfhost/stage01/tests/historical-debug/as_bisect28.c
selfhost/stage01/tests/historical-debug/as_bisect3.c
selfhost/stage01/tests/historical-debug/as_bisect4.c
selfhost/stage01/tests/historical-debug/as_bisect5.c
selfhost/stage01/tests/historical-debug/as_bisect6.c
selfhost/stage01/tests/historical-debug/as_bisect7.c
selfhost/stage01/tests/historical-debug/as_bisect8.c
selfhost/stage01/tests/historical-debug/as_bisect9.c
