=== tmp/report-a.prn              
001 [Acme Widgets                 S A L E S                                                    ]
002 [                             BY ITEM                                                      ]
003 [                                                                                          ]
004 [ITEM               AMOUNT                                                                 ]
005 [widget                 -3,765.44                                                          ]
006 [widget                 -2,530.88                                                          ]
007 [widget                 -1,296.32                                                          ]
008 [widget                    -61.76                                                          ]
009 [                                                                                          ]
010 [  note: 04                                                                                ]
011 [  continued                                                                               ]
012 [                                                                                          ]
013 [Acme Widgets                 S A L E S                                                    ]
014 [                             BY ITEM                                                      ]
015 [                                                                                          ]
016 [ITEM               AMOUNT                                                                 ]
017 [widget                  1,172.80                                                          ]
018 [widget                  2,407.36                                                          ]
019 [widget                  3,641.92                                                          ]
020 [widget                  4,876.48                                                          ]
021 [widget                  6,111.04                                                          ]
022 [                                                                                          ]
023 [TOTAL:                 10,555.20                                                          ]
024 [                                                                                          ]
=== tmp/report-b.prn              
001 [Beta Ltd                     S A L E S                                                    ]
002 [                             BY ITEM                                                      ]
003 [                                                                                          ]
004 [ITEM               AMOUNT                                                                 ]
005 [widget                 -3,765.44                                                          ]
006 [widget                 -2,530.88                                                          ]
007 [widget                 -1,296.32                                                          ]
008 [widget                    -61.76                                                          ]
009 [                                                                                          ]
010 [  note: 04                                                                                ]
011 [  continued                                                                               ]
012 [                                                                                          ]
013 [Beta Ltd                     S A L E S                                                    ]
014 [                             BY ITEM                                                      ]
015 [                                                                                          ]
016 [ITEM               AMOUNT                                                                 ]
017 [widget                  1,172.80                                                          ]
018 [widget                  2,407.36                                                          ]
019 [widget                  3,641.92                                                          ]
020 [widget                  4,876.48                                                          ]
021 [widget                  6,111.04                                                          ]
022 [                                                                                          ]
023 [TOTAL:                 10,555.20                                                          ]
024 [                                                                                          ]
