[          ABCDEFGHIJKLMNOPQRSTUVWXYZQQQ    ]
+000000000 [          ] CZ
03 -012.50 y hello, world
-00022.00
EFG                 
status on
and not off
ABC
[03hello, world]
[helloab*************]
vowels 05
47 hello, world WXYZQQQ
ab
sub sees hello, world
[           03       ]
call 1: [local000|  ] 000 +0000 12
call 2: [local000|  ] 000 +0000 12
