start: s=[] len=0 t=[hello] len=5 bytes=5
move: s=[a longer text] len=13
shorter: s=[x] len=1
limit 10: t=[this is lo] len=10
spaces: s=[ ] len=1
all ab: s=[ab] len=2
empty: s=[] len=0
numeric: s=[00042] len=5
signed: s=[007] len=3
from item: s=[abc] len=3
to fixed: w=[abc         ]
compare equal
compare with trailing space equal (standard padding)
compare not equal
part: [world] [hello] [world]
computed part: [llo] [llo world]
part receiving: s=[XYllo world] len=11
size 5: s=[XYllo] len=5
size 8: s=[XYllo   |] len=8
size i+1: s=[XYll] len=4
upper: s=[XYLL]
trim(w): s=[abcdef] len=6
national: n=[] len=0 bytes=0
national move: len=5 bytes=10
national to alnum: s=[héllo] len=6
table: d(1)=[one] d(2)=[two] d(3)=[] lens 3 0 a=abc z=zz
initialize g: d(1)=[] len=0 a=[   ]
initialize d(2): len=0
tallying: 0002
u: len=0 []
