[ ] NAME(PROGRAMTORTUR) 
[ ] NAME(INTEGERI) , NAME(N) 
[10] NAME(CONTINUE) 
[ ] NAME(IF) ( ICON(1) .EQ. ICON(2) ) NAME(GOTO10) 
[ ] NAME(IF) ( NAME(X) .GE. RCON(1.5) .AND. .NOT. NAME(Y) ) NAME(N) = ICON(1) 
[ ] NAME(D) = DCON(0.0015) 
[ ] NAME(A) = RCON(100000) 
[ ] NAME(DO20I) = ICON(1) , ICON(10) 
[20] NAME(CONTINUE) 
[ ] NAME(DO20I) = RCON(1.1) 
[ ] NAME(S) = SCON(HELLO) 
[ ] NAME(B) = SCON(AB CD ) 
[ ] NAME(T) = SCON(IT'S) 
[ ] NAME(W) = ICON(1) + ICON(2) + ICON(3) 
[ ] NAME(X) = NAME(A) // NAME(B) 
[ ] NAME(LOWER) = NAME(CASE) + NAME(IS) + NAME(FOLDED) 
[ ] NAME(Z) = ICON(1) 
[ ] NAME(Y) = ICON(7) 
[ ] NAME(END) 
