A after Z
88 by the sequence
inner inherits the sequence
a2 shares abcd
unlock closed 47
unlock open 00
nearest-even 1.2
nearest-away 1.3
nearest-toward 1.2
away 1.3
greater 1.3
lesser -1.3
truncation 1.2
prohibited 1.2
type value 123ab 005ab
allocated [    ]
freed
25 characters
zero characters: null
sub1 abcd
