t   名前   | 金額   |               
A   東京   |   1.50 |   7             
B   café   |  12.25 |  42             
C   日本語 | 999.99 | 100            
D   abcdef |   0.00 |   0               
E   ab東京 |   0.00 |   0             
F   abc東  |   0.00 |   0              
G   héllo  |                           
                                        
