[FF]
[11111111]
[511]
[101010]
[a-b]
[the42/0042]
[xyz]
[4142]
[AB]
[AB]
[A0][313031]
[30303432]
[hi]
[abc]
[6869]
[6]
[19]
[10]
[6]
[0]
k=0019
[the cog sog on a mog]
[the cog sat on a mat]
[the cat sat on a mog]
[a dog sat on a mat]
[bbbbbbbb]
[ac]
[0.01]
[100]
[1]
[FN2023]
[ ]
[FN2023]
[FN2023; ]
inner: [INNER] [FN2023] [FN2023] [INNER;FN2023; ]
nested: [NESTP] [FN2023] [ ] [FN2023; ]
inner: [INNER] [FN2023] [FN2023] [INNER;FN2023; ]
[20]
[pq                                      ]
[aX]
[Xa]
[AB]
[5]
[2]
[aZaZ]
[0034003100340032]
