Integer arithmetic:
5 + 3 = 8
10 - 4 = 6
6 * 7 = 42
17 \ 5 = 3
17 MOD 5 = 2
2 ^ 10 = 1024
-42 =-42

Floating point:
10 / 3 = 3.33333
SQR(144) = 12
ABS(-5) = 5
SGN(-7) =-1
SGN(0) = 0
SGN(3) = 1
INT(3.7) = 3
INT(-3.7) =-4

Comparisons:
5 > 3 =-1
5 < 3 = 0
5 = 5 =-1
5 <> 3 =-1

Logic:
1 AND 0 = 0
1 OR 0 =-1
NOT 0 =-1

