selfhost/v2/stage04/tests/subset-idioms/idiom01_has_flag.c
selfhost/v2/stage04/tests/subset-idioms/idiom02_token_split.c
selfhost/v2/stage04/tests/subset-idioms/idiom03_le32_decode.c
selfhost/v2/stage04/tests/subset-idioms/idiom04_basename_match.c
selfhost/v2/stage04/tests/subset-idioms/idiom05_prefix_parse.c
selfhost/v2/stage04/tests/subset-idioms/idiom06_param_char_ptr_index.c
selfhost/v2/stage04/tests/subset-idioms/idiom07_cast_index_uchar.c
selfhost/v2/stage04/tests/subset-idioms/idiom08_cast_index_short.c
selfhost/v2/stage04/tests/subset-idioms/idiom09_cast_index_sum.c
selfhost/v2/stage04/tests/subset-idioms/idiom10_cast_index_var.c
selfhost/v2/stage04/tests/subset-idioms/idiom11_ptradd_then_index.c
selfhost/v2/stage04/tests/subset-idioms/idiom12_voidptr_cast_index.c
selfhost/v2/stage04/tests/subset-idioms/idiom13_pp_if_elif_chain.c
selfhost/v2/stage04/tests/subset-idioms/idiom14_pp_skip_invalid_branch.c
selfhost/v2/stage04/tests/subset-idioms/idiom15_pp_macro_ternary_arg.c
selfhost/v2/stage04/tests/subset-idioms/idiom16_pp_nested_fn_macro.c
selfhost/v2/stage04/tests/subset-idioms/idiom17_pp_undef_redefine.c
selfhost/v2/stage04/tests/subset-idioms/idiom18_pp_defined_no_paren.c
selfhost/v2/stage04/tests/subset-idioms/idiom19_pp_macro_arg_nested_calls.c
selfhost/v2/stage04/tests/subset-idioms/idiom20_pp_macro_arg_comma_paren.c
selfhost/v2/stage04/tests/subset-idioms/idiom21_pp_macro_forward_args.c
selfhost/v2/stage04/tests/subset-idioms/idiom22_pp_macro_arg_ternary_cast.c
selfhost/v2/stage04/tests/subset-idioms/idiom23_pp_macro_arg_comma_operator.c
selfhost/v2/stage04/tests/subset-idioms/idiom24_pp_macro_arg_deep_paren.c
