lc at open 0000000001
ok  at 01 lc=02
ok  at 02 lc=03
ok  at 03 lc=04
eop at 04 lc=05
eop at 05 lc=06
eop at 06 lc=01
ok  at 07 lc=02
ok  at 08 lc=03
ok  at 09 lc=04
after page lc=0000000001
after 2 lc=0000000003
eop
before 3 lc=0000000006
plain lc=0000000001
01 [                    ]
02 [01                  ]
03 [02                  ]
04 [03                  ]
05 [04                  ]
06 [05                  ]
07 [                    ]
08 [                    ]
09 [                    ]
10 [06                  ]
11 [07                  ]
12 [08                  ]
13 [09                  ]
14 [                    ]
15 [                    ]
16 [                    ]
17 [                    ]
18 [                    ]
19 [PAGE                ]
20 [                    ]
21 [two                 ]
22 [before              ]
23 [                    ]
24 [                    ]
25 [plain               ]
26 [                    ]
27 [                    ]
28 [                    ]
