part to item, equal: [7890]
part to item, cut: [ALPH]
part to item, padded: [BR  ]
part to part, equal: [ PHA-   ]
part to part, cut: [ PHA-ALP]
part to part, padded: [ZZAL   Z]
item to part, cut: [ALPHA-BR]
item to part, equal: [ALPHBR  ]
computed start: [PHA-]
computed length: [PH  ]
a signed item's part: [001234u]
to a justified item: [ALPHA-]
to a justified item, cut: [PHA-BR]
part to a numeric item: 3456
group to item, equal: [1234567890ALPHA-BRAVO-001234u]
group to item, cut: [12345678]
group to item, padded: [1234567890ALPHA-BRAVO-001234u           ]
group to a justified item: [abc007]
group to a numeric item: [abc0]
part to an element: [1234512345ALPHA12345]
element part to element part: [1234512345ALPHALPH45]
