[PAGE  1                       ]
[                              ]
[10    1.50                    ]
[                              ]
[10    2.25                    ]
[                              ]
[TOTAL    3.75                 ]
[                              ]
[                              ]
[                              ]
[                              ]
[                              ]
[PAGE  2                       ]
[                              ]
[20    4.00                    ]
[                              ]
[                              ]
[                              ]
[                              ]
[                              ]
[                              ]
[                              ]
[                              ]
[                              ]
[PAGE  3                       ]
[                              ]
[FRESH PAGE DETAIL             ]
[TOTAL    8.00                 ]
[                              ]
[                              ]
[                              ]
[                              ]
[                              ]
[                              ]
[                              ]
[                              ]
