01 [TAX SUMMARY                             ]
02 [                                        ]
03 [gst1  0.05      123.45  GST  st         ]
04 [pst2  0.07      -20.50  PST  st         ]
05 [hst3  0.13        0.00  HST  st         ]
06 [                                        ]
07 [                                        ]
08 [                                        ]
09 [                                        ]
10 [                                        ]
11 [                                        ]
12 [                                        ]
13 [                                        ]
14 [                                        ]
15 [                                        ]
16 [                                        ]
17 [                                        ]
18 [                                        ]
19 [                                        ]
20 [                                        ]
