[APPLEWD    REPORT                       ]
[  COLS  COLUMNS                         ]
[                                        ]
[ DETAIL                                 ]
[                                        ]
[                                        ]
[                                        ]
[                                        ]
[                                        ]
[                                        ]
[                                        ]
[                                        ]
[                                        ]
[                                        ]
[                                        ]
[                                        ]
[                                        ]
[                                        ]
[                                        ]
[                                        ]
