after initiate: line 00 page 01
n 01 on line 03 of page 01
n 02 on line 04 of page 01
n 03 on line 05 of page 01
n 04 on line 06 of page 01
n 05 on line 07 of page 01
n 06 on line 08 of page 01
n 07 on line 03 of page 02
n 08 on line 04 of page 02
n 09 on line 05 of page 02
item on line 06
after terminate: page 02
