X                    alphanumeric         bytes=1 digits=0 scale=0 signed=0
X(10)                alphanumeric         bytes=10 digits=0 scale=0 signed=0
XXX                  alphanumeric         bytes=3 digits=0 scale=0 signed=0
A(5)                 alphabetic           bytes=5 digits=0 scale=0 signed=0
AXA                  alphanumeric         bytes=3 digits=0 scale=0 signed=0
X(2100)              alphanumeric         bytes=2100 digits=0 scale=0 signed=0
XXBXX                alphanumeric-edited  bytes=5 digits=0 scale=0 signed=0 pat=XXBXX
X(4)/X(2)            alphanumeric-edited  bytes=7 digits=0 scale=0 signed=0 pat=XXXX/XX
A(3)0A               alphanumeric-edited  bytes=5 digits=0 scale=0 signed=0 pat=AAA0A
9                    numeric              bytes=1 digits=1 scale=0 signed=0
9(5)                 numeric              bytes=5 digits=5 scale=0 signed=0
S9(3)                numeric              bytes=3 digits=3 scale=0 signed=1
S9(7)V99             numeric              bytes=9 digits=9 scale=2 signed=1
99V9                 numeric              bytes=3 digits=3 scale=1 signed=0
S9(3)V9(3)           numeric              bytes=6 digits=6 scale=3 signed=1
9(18)                numeric              bytes=18 digits=18 scale=0 signed=0
9(19)                ERROR more than 18 digits -- the standard's limit for a numeric item is 18
V99                  numeric              bytes=2 digits=2 scale=2 signed=0
PPP9                 numeric              bytes=1 digits=4 scale=4 signed=0
9PP                  numeric              bytes=1 digits=3 scale=-2 signed=0
SPPP9                numeric              bytes=1 digits=4 scale=4 signed=1
S9(4)PP              numeric              bytes=4 digits=6 scale=-2 signed=1
Z(5)                 numeric-edited       bytes=5 digits=5 scale=0 signed=0 pat=ZZZZZ
ZZZ9                 numeric-edited       bytes=4 digits=4 scale=0 signed=0 pat=ZZZ9
ZZ9.99               numeric-edited       bytes=6 digits=5 scale=2 signed=0 pat=ZZ9.99
**,***.99            numeric-edited       bytes=9 digits=7 scale=2 signed=0 pat=**,***.99
9,999                numeric-edited       bytes=5 digits=4 scale=0 signed=0 pat=9,999
99/99/99             numeric-edited       bytes=8 digits=6 scale=0 signed=0 pat=99/99/99
9(3)B9(3)            numeric-edited       bytes=7 digits=6 scale=0 signed=0 pat=999B999
99.9                 numeric-edited       bytes=4 digits=3 scale=1 signed=0 pat=99.9
+9(3)                numeric-edited       bytes=4 digits=3 scale=0 signed=1 pat=+999
-9(3)                numeric-edited       bytes=4 digits=3 scale=0 signed=1 pat=-999
9(3)-                numeric-edited       bytes=4 digits=3 scale=0 signed=1 pat=999-
$9(3).99             numeric-edited       bytes=7 digits=5 scale=2 signed=0 pat=$999.99
9(3)CR               numeric-edited       bytes=5 digits=3 scale=0 signed=1 pat=999C
9(3)DB               numeric-edited       bytes=5 digits=3 scale=0 signed=1 pat=999D
--9                  numeric-edited       bytes=3 digits=2 scale=0 signed=1 floating=- pat=--9
----,---,--9.99      numeric-edited       bytes=15 digits=11 scale=2 signed=1 floating=- pat=----,---,--9.99
$$$,$$9.99           numeric-edited       bytes=10 digits=7 scale=2 signed=0 floating=$ pat=$$$,$$9.99
++++9                numeric-edited       bytes=5 digits=4 scale=0 signed=1 floating=+ pat=++++9
+99999               numeric-edited       bytes=6 digits=5 scale=0 signed=1 pat=+99999
-----9               numeric-edited       bytes=6 digits=5 scale=0 signed=1 floating=- pat=-----9
S9(9)V99             numeric              bytes=11 digits=11 scale=2 signed=1
S9(9)V9(2)           numeric              bytes=11 digits=11 scale=2 signed=1
Q                    ERROR PICTURE 'Q' is not valid at character 1
9(0)                 ERROR PICTURE '9(0)' is not valid at character 1
9(19)V9              ERROR more than 18 digits -- the standard's limit for a numeric item is 18
P9P                  ERROR PICTURE 'P9P': P is one continuous string (2023 13.18.40.3 rule 16)
Z9P                  numeric-edited       bytes=2 digits=3 scale=-1 signed=0 pat=Z9P
X9                   alphanumeric         bytes=2 digits=0 scale=0 signed=0
99CRCR               ERROR PICTURE '99CRCR': CR or DB appears once (2023 13.18.40.3 rule 12b)
9V9V9                ERROR PICTURE '9V9V9': V appears once (2023 13.18.40.3 rule 12b)
S9S9                 ERROR PICTURE 'S9S9': S is the first symbol, and appears once (2023 13.18.40.3 rule 18)
99.9.9               ERROR PICTURE '99.9.9': the decimal point appears once (2023 13.18.40.3 rule 12b)
9P9                  ERROR PICTURE '9P9': P is at the leftmost or the rightmost digit positions (2023 13.18.40.3 rule 16)
PP9.                 ERROR PICTURE 'PP9.': P and the decimal point exclude each other (2023 13.18.40.3 rule 17)
9S9                  ERROR PICTURE '9S9': S is the first symbol, and appears once (2023 13.18.40.3 rule 18)
9VP9                 ERROR PICTURE '9VP9': P is at the leftmost or the rightmost digit positions (2023 13.18.40.3 rule 16)
9V.9                 ERROR PICTURE '9V.9': V and the decimal point exclude each other (2023 13.18.40.3 rule 20)
Z*9                  ERROR PICTURE 'Z*9': Z and * exclude each other (2023 13.18.40.3 rule 21)
+99-                 ERROR PICTURE '+99-': +, -, CR and DB exclude each other (2023 13.18.40.3 rule 23)
+99CR                ERROR PICTURE '+99CR': +, -, CR and DB exclude each other (2023 13.18.40.3 rule 23)
$9$9                 ERROR PICTURE '$9$9': a 9 cannot precede a zero-suppression or floating insertion symbol (the precedence rules, 2023 13.18.40.6)
9+9                  ERROR PICTURE '9+9': a fixed + or - is the first or the last symbol (2023 13.18.40.3 rule 25)
9$9                  ERROR PICTURE '9$9': a fixed currency symbol is at the left end or the right end (2023 13.18.40.3 rule 26)
++--9                ERROR PICTURE '++--9': +, -, CR and DB exclude each other (2023 13.18.40.3 rule 23)
$$ZZ9                ERROR PICTURE '$$ZZ9': one zero-suppression or floating insertion string at most (2023 13.18.40.3 rule 27)
ZZ**9                ERROR PICTURE 'ZZ**9': Z and * exclude each other (2023 13.18.40.3 rule 21)
++$$9                ERROR PICTURE '++$$9': one zero-suppression or floating insertion string at most (2023 13.18.40.3 rule 27)
.$$                  ERROR PICTURE '.$$': a floating insertion string starts left of the decimal point (2023 13.18.40.3 rule 29)
V++                  ERROR PICTURE 'V++': a floating insertion string starts left of the decimal point (2023 13.18.40.3 rule 29)
++Z                  ERROR PICTURE '++Z': one zero-suppression or floating insertion string at most (2023 13.18.40.3 rule 27)
+P                   ERROR PICTURE '+P': it holds none of A, X, Z, 9 or *, nor two of +, - or the currency symbol (2023 13.18.40.3 rule 12a)
ZZ.Z9                ERROR PICTURE 'ZZ.Z9': past the decimal point a zero-suppression or floating string takes every digit position (2023 13.18.40.5, the editing rules)
9ZZ                  ERROR PICTURE '9ZZ': a 9 cannot precede a zero-suppression or floating insertion symbol (the precedence rules, 2023 13.18.40.6)
99PPB                ERROR PICTURE '99PPB': B, 0 or / cannot follow P left of the point (the precedence rules, 2023 13.18.40.6 Table 10)
PPV99                ERROR PICTURE 'PPV99': 9 cannot follow P left of the point (the precedence rules, 2023 13.18.40.6 Table 10)
99VPP                ERROR PICTURE '99VPP': P right of the point cannot follow 9 (the precedence rules, 2023 13.18.40.6 Table 10)
$$$9.99CR            numeric-edited       bytes=9 digits=5 scale=2 signed=1 floating=$ pat=$$$9.99C
-(5)9                numeric-edited       bytes=6 digits=5 scale=0 signed=1 floating=- pat=-----9
+$$99                numeric-edited       bytes=5 digits=3 scale=0 signed=1 floating=$ pat=+$$99
$999+                numeric-edited       bytes=5 digits=3 scale=0 signed=1 pat=$999+
9P+                  numeric-edited       bytes=2 digits=2 scale=-1 signed=1 pat=9P+
$P9                  numeric-edited       bytes=2 digits=2 scale=2 signed=0 pat=$P9
$++9                 numeric-edited       bytes=4 digits=2 scale=0 signed=1 floating=+ pat=$++9
$ZZ                  numeric-edited       bytes=3 digits=2 scale=0 signed=0 pat=$ZZ
$**.**               numeric-edited       bytes=6 digits=4 scale=2 signed=0 pat=$**.**
PPP999               numeric              bytes=3 digits=6 scale=6 signed=0
999PPP               numeric              bytes=3 digits=6 scale=-3 signed=0
SVPP9                numeric              bytes=1 digits=3 scale=3 signed=1
999VPP               ERROR PICTURE '999VPP': P right of the point cannot follow 9 (the precedence rules, 2023 13.18.40.6 Table 10)
ZZZPP                numeric-edited       bytes=3 digits=5 scale=-2 signed=0 pat=ZZZPP
