IF: the condition, and ELSE, are each followed by a statement or NEXT SENTENCE (X3.23-1985 IF syntax rule 1)
IF: the condition, and ELSE, are each followed by a statement or NEXT SENTENCE (X3.23-1985 IF syntax rule 1)
IF with NEXT SENTENCE ends at the period, not END-IF (X3.23-1985 IF syntax rule 3)
