MINI-ZORK I: The Great Underground Empire
Copyright (c) 1988 Infocom, Inc. All rights reserved.
ZORK is a registered trademark of Infocom, Inc.
Release 34 / Serial number 871124

West of House
You are standing in an open field west of a white house, with a boarded front door. You could circle the house to the north or south.
There is a small mailbox here.

>Opening the small mailbox reveals a leaflet.

>[Taken]
"WELCOME TO ZORK, a game of adventure, danger, and low cunning. No computer should be without one!"

Note: this "mini-zork" contains only a sub-set of the locations, puzzles, and descriptions found in the larger, disk-based version of Zork I.

>North of House
You are facing the north side of a white house. There is no door here, and all the windows are boarded up. A narrow path winds north through the trees.

>Your score is 0 (of 350 points), in 3 moves. This gives you the rank of Beginning Adventurer.


