dBASE III Clone for SLOW-32
Stage 8: Advanced Language Features

. --- 1D Arrays ---
. . . . . First
. Middle
. Last
. NIL
. . --- 2D Arrays ---
. . . . . Top-Left
. Bottom-Right
. 42
. . --- Mixed Types ---
. . . . . 100
. .T.
. 01/01/26
. . ARR1        A  [5]
ARR2        A  [3,3]
MIXED       A  [3]
3 variable(s) defined.
