dBASE III Clone for SLOW-32
Stage 8: Advanced Language Features

. Enter field definitions (blank name to finish):
Field name: Type (C/N/D/L): Width (1-254): Field name: Database TEST.DBF created with 1 field(s).
. Database TEST.DBF opened with 0 record(s).
. Record 1 added.
. . Record 2 added.
. . Record 3 added.
. . . 1 record deleted.
. . Record# NAME      
      1 Alice     
      2 Bob       
      3 Charlie   
. 3 record(s)
. . Record# NAME      
      1 Alice     
      3 Charlie   
. 2 record(s)

