dBASE III Clone for SLOW-32
Stage 7: B-Tree Indexing

. Enter field definitions (blank name to finish):
Field name: Type (C/N/D/L): Width (1-254): Field name: Type (C/N/D/L): Width (1-19): Decimals: Field name: Database PEOPLE.DBF created with 2 field(s).
. Database PEOPLE.DBF opened with 0 record(s).
. Record 1 added.
. . Record 2 added.
. . Record 3 added.
. . Record 4 added.
. . Record 5 added.
. . All records:
Alice 25
Bob 35
Charlie 30
David 20
Eve 40
Filter: AGE >= 30
Filtered (AGE >= 30):
Bob 35
Charlie 30
Eve 40
Count:
3 record(s)
Filter removed.
After removing filter:
Alice 25
Bob 35
. Database closed.

