dBASE III Clone for SLOW-32
Stage 9: AST Expressions

. TALK      = ON
DELETED   = OFF
EXACT     = OFF
HEADING   = ON
CONFIRM   = OFF
BELL      = ON
SAFETY    = ON
CONSOLE   = ON
DECIMALS  = 2
DATE      = AMERICAN
DEVICE    = SCREEN
. . . . . . . . . . . TALK      = OFF
DELETED   = ON
EXACT     = ON
HEADING   = OFF
CONFIRM   = ON
BELL      = OFF
SAFETY    = OFF
CONSOLE   = OFF
DECIMALS  = 4
DATE      = ANSI
DEVICE    = SCREEN
. . . . . . . . . . . TALK      = ON
DELETED   = OFF
EXACT     = OFF
HEADING   = ON
CONFIRM   = OFF
BELL      = ON
SAFETY    = ON
CONSOLE   = ON
DECIMALS  = 2
DATE      = AMERICAN
DEVICE    = SCREEN
