dBASE III Clone for SLOW-32
Stage 9: AST Expressions

. Enter field definitions (blank name to finish):
Field name: Type (C/N/D/L/M): Width (1-254): Field name: Type (C/N/D/L/M): Width (1-19): Decimals: Field name: Database TEST.DBF created with 2 field(s).
. Database TEST.DBF opened with 0 record(s).
. Record 1 added.
. . Record 2 added.
. . Record 3 added.
. . Record 4 added.
. . Record 5 added.
. . 5 record(s)
. . 3 record(s)
. . 4 record(s)
. 1 record(s)
. 5 record(s) summed
      SUM: 150
. . 2 record(s) summed
      SUM: 50
. . Record# NAME       VAL  
      1 Alpha         10
      2 Beta          20
      3 Gamma         30
. . Record# NAME       VAL  
      3 Gamma         30
      4 Delta         40
      5 Epsilon       50

