dBASE III Clone for SLOW-32
Stage 4A: Programming Language

. Enter field definitions (blank name to finish):
Field name: Type (C/N/D/L): Width (1-254): Field name: Type (C/N/D/L): Width (1-19): Decimals: Field name: Database TEST.DBF created with 2 field(s).
. Database TEST.DBF opened with 0 record(s).
. Structure for database: TEST.DBF
Number of records: 0
Header size: 97
Record size: 24
Field  Name        Type  Width  Dec
    1  NAME        C      20      0
    2  AGE         N       3      0
** Total **                  24

