dBASE III Clone for SLOW-32
Stage 7: B-Tree Indexing

. . . . . . . . . . . . . . . . . . SET no-ops OK
. . Enter field definitions (blank name to finish):
Field name: Type (C/N/D/L): Width (1-254): Field name: Type (C/N/D/L): Width (1-19): Decimals: Field name: Database TEST.DBF created with 2 field(s).
. Database TEST.DBF opened with 0 record(s).
. Record 1 added.
. . . CLOSE DATABASES OK
. . Database TEST.DBF opened with 1 record(s).
. . CLOSE INDEX OK
. . . . . . . keep
. RELEASE LIKE OK
. . . . . . . keep
. RELEASE EXCEPT OK
. . . yes
. no
. bigger
. IIF OK
. . exists
. missing
. FILE OK
. . 19850315
. DTOS OK
. .   0
.   0
. ROW/COL OK
. . File erased.
