dBASE III Clone for SLOW-32
Stage 9: AST Expressions

. Enter field definitions (blank name to finish):
Field name: Type (C/N/D/L/M): Width (1-254): Field name: Type (C/N/D/L/M): Width (1-19): Decimals: Field name: Database DATA.DBF created with 2 field(s).
. Database DATA.DBF opened with 0 record(s).
. Record 1 added.
. . Record 2 added.
. . Record 3 added.
. . 3 record(s) sorted.
. Database BYNAME.DBF opened with 3 record(s).
. Record# NAME       SCORE
      1 Alice         92
      2 Bob           85
      3 Charlie       78
. Database DATA.DBF opened with 3 record(s).
. 3 record(s) sorted.
. Database BYSCORE.DBF opened with 3 record(s).
. Record# NAME       SCORE
      1 Alice         92
      2 Bob           85
      3 Charlie       78

