dBASE III Clone for SLOW-32
Stage 9: AST Expressions

. . . 14
. 21
. . .F.
. .T.
. .T.
. . Hello World
. . 1024
. . Enter field definitions (blank name to finish):
Field name: Type (C/N/D/L/M): Width (1-254): Field name: Type (C/N/D/L/M): Width (1-19): Decimals: Field name: Database ASTDB.DBF created with 2 field(s).
. Database ASTDB.DBF opened with 0 record(s).
. Record 1 added.
. . Record 2 added.
. . Record 3 added.
. . Record 4 added.
. . Record 5 added.
. . . Record# NAME                 SALARY    
      2 Jones                  60000.00
      4 Davis                  70000.00
      5 Smith                  55000.00
. . 2 record(s)
. . Filter: SALARY >= 50000
. Record# NAME                 SALARY    
      1 Smith                  50000.00
      2 Jones                  60000.00
      4 Davis                  70000.00
      5 Smith                  55000.00
. Filter removed.
. . DO WHILE result: 5
Nested WHILE: 36 9
. . SCAN matches: 3

