dBASE III Clone for SLOW-32
Stage 2: Navigation & Expressions

. Enter field definitions (blank name to finish):
Field name: Type (C/N/D/L): Width (1-254): Field name: Type (C/N/D/L): Width (1-19): Decimals: Field name: Database ITEMS.DBF created with 2 field(s).
. Database ITEMS.DBF opened with 0 record(s).
. Record 1 added.
. . Record 2 added.
. . Record 3 added.
. . Record 4 added.
. . Record# PRODUCT    PRICE 
      1 Apple        1.50
      2 Banana       0.75
      3 Cherry       3.25
      4 Date         5.00
. Record# PRODUCT   
      3 Cherry    
      4 Date      
. Record# PRODUCT    PRICE 
      1 Apple        1.50
      2 Banana       0.75

