dBASE III Clone for SLOW-32
Stage 9: AST Expressions

. . . . Enter field definitions (blank name to finish):
Field name: Type (C/N/D/L/M): Width (1-19): Decimals: Field name: Type (C/N/D/L/M): Field name: Database IDXFIX.DBF created with 2 field(s).
. . . . . . 2 record(s) indexed.
. . 2
. . 10
. 2 record(s) indexed.
. . .T.
. . . .T.
