dBASE III Clone for SLOW-32
Stage 9: AST Expressions

. TALK      = ON
DELETED   = OFF
EXACT     = OFF
HEADING   = ON
CONFIRM   = OFF
BELL      = ON
SAFETY    = ON
CONSOLE   = ON
DECIMALS  = 2
DATE      = AMERICAN
DEVICE    = SCREEN
CENTURY   = OFF
ESCAPE    = ON
ECHO      = OFF
MARGIN    = 0
. . . . . . . . . . . . . . . TALK      = OFF
DELETED   = ON
EXACT     = ON
HEADING   = OFF
CONFIRM   = ON
BELL      = OFF
SAFETY    = OFF
CONSOLE   = OFF
DECIMALS  = 4
DATE      = ANSI
DEVICE    = SCREEN
CENTURY   = ON
ESCAPE    = OFF
ECHO      = ON
MARGIN    = 10
. . . . . . . . . . . . . . . TALK      = ON
DELETED   = OFF
EXACT     = OFF
HEADING   = ON
CONFIRM   = OFF
BELL      = ON
SAFETY    = ON
CONSOLE   = ON
DECIMALS  = 2
DATE      = AMERICAN
DEVICE    = SCREEN
CENTURY   = OFF
ESCAPE    = ON
ECHO      = OFF
MARGIN    = 0
