dBASE III Clone for SLOW-32
Stage 4C: Programming, Screen I/O & Indexing

. Enter field definitions (blank name to finish):
Field name: Type (C/N/D/L): Width (1-254): Field name: Database PERSIST.DBF created with 1 field(s).
. Database PERSIST.DBF opened with 0 record(s).
. Record 1 added.
. . Database closed.
. Database PERSIST.DBF opened with 1 record(s).
. Record# VALUE     
      1 Hello     
. Hello     

