dBASE III Clone for SLOW-32
Stage 9: AST Expressions

. . . . . . . . . C
. . Hello
. 42
. .T.
. File erased.
. . . Enter field definitions (blank name to finish):
Field name: Type (C/N/D/L/M): Width (1-254): Field name: Database TEST.DBF created with 1 field(s).
. Database TEST.DBF opened with 0 record(s).
. Record 1 added.
. . Record 2 added.
. .  NAME      
 Alice     
 Bob       
.  NAME      
 Bob       
. . . *** File not found: dir.prg
. . . TOTAL ON not implemented.
. JOIN WITH not implemented.
. . . File erased.

