dBASE III Clone for SLOW-32
Stage 9: AST Expressions

. --- Filling variable store ---
Created 254 + 2 loop vars = 256 total
--- 257th variable (should fail) ---
*** Too many memory variables in VARSTORE.PRG line 14
--- DECLARE array when store is full ---
*** Too many memory variables in VARSTORE.PRG line 17
After full DECLARE (should not have succeeded)
--- Release vars, then DECLARE ---
Array[1]: 42
Array[2]: 99
--- Done ---

