dBASE III Clone for SLOW-32
Stage 9: AST Expressions

. . . . . . . . . . . . . . . . . . . . Menu MAINBAR:
  File -> FILEPOP
  Edit -> EDITPOP
  Help
Popup FILEPOP:
  1. New
  2. Open
  3. Quit
. PAD(): P_FILE
. POPUP(): FILEPOP
. BAR(): 1
. PROMPT(): New
. . . Menu not defined: mainbar
. . . . . . . Menu not defined: bar1
. Menu not defined: bar2
. . . . . Menu POSITIONED:
  First
  Second

