dBASE III Clone for SLOW-32
Stage 8: Advanced Language Features

. Enter field definitions (blank name to finish):
Field name: Type (C/N/D/L): Width (1-254): Field name: Type (C/N/D/L): Width (1-19): Decimals: Field name: Database PEOPLE.DBF created with 2 field(s).
. Database PEOPLE.DBF opened with 0 record(s).
. Record 1 added.
. . Record 2 added.
. . Record# NAME            SCORE 
      1 Alice            95.50
      2 Bob              87.25

