dBASE III Clone for SLOW-32
Stage 7: B-Tree Indexing

. Enter field definitions (blank name to finish):
Field name: Type (C/N/D/L): Width (1-254): Field name: Type (C/N/D/L): Width (1-19): Decimals: Field name: Database UNIQUE.DBF created with 2 field(s).
. Database UNIQUE.DBF opened with 0 record(s).
. Record 1 added.
. . Record 2 added.
. . Record 3 added.
. . . --- Non-unique index ---
. 3 record(s) indexed.
. Record# NAME                
      1 Alice               
      2 Alice               
      3 Bob                 
. . --- Unique index ---
. 2 record(s) indexed.
. Record# NAME                
      1 Alice               
      3 Bob                 
