dBASE III Clone for SLOW-32
Stage 4C: Programming, Screen I/O & Indexing

. Enter field definitions (blank name to finish):
Field name: Type (C/N/D/L): Width (1-254): Field name: Type (C/N/D/L): Width (1-19): Decimals: Field name: Type (C/N/D/L): Width (1-19): Decimals: Field name: Database SALES.DBF created with 3 field(s).
. Database SALES.DBF opened with 0 record(s).
. Record 1 added.
. . Record 2 added.
. . Record 3 added.
. . Record 4 added.
. . 4 record(s)
. 2 record(s)
. 4 record(s) summed
      SUM: 26
. 2 record(s) summed
      SUM: 18
. 4 record(s) summed
      SUM: 190
. 4 record(s) averaged
  AVERAGE: 6.5
. 2 record(s) averaged
  AVERAGE: 12.5

