dBASE III Clone for SLOW-32
Stage 4A: Programming Language

. Enter field definitions (blank name to finish):
Field name: Type (C/N/D/L): Width (1-254): Field name: Type (C/N/D/L): Width (1-19): Decimals: Field name: Type (C/N/D/L): Field name: Type (C/N/D/L): Field name: Database ALLTYPE.DBF created with 4 field(s).
. Database ALLTYPE.DBF opened with 0 record(s).
. Record 1 added.
. . Record 2 added.
. . Record# NAME            AMOUNT     HIRED    ACTIVE
      1 Jones              1234.56 03/15/99 .T.
      2 Smith             99999.99 12/01/05 .F.
. Record# 2
      NAME: Smith
    AMOUNT:   99999.99
     HIRED: 12/01/05
    ACTIVE: .F.

