dBASE III Clone for SLOW-32
Stage 9: AST Expressions

. Enter field definitions (blank name to finish):
Field name: Type (C/N/D/L): Width (1-254): Field name: Type (C/N/D/L): Width (1-19): Decimals: Field name: Database NAMES.DBF created with 2 field(s).
. Database NAMES.DBF opened with 0 record(s).
. Record 1 added.
. . Record 2 added.
. . Record 3 added.
. . Record 4 added.
. . . Database NAMES.DBF opened with 4 record(s).
--- SCAN ALL ---
1 Alice               
2 Bob                 
3 Carol               
4 Dave                
--- SCAN NEXT 2 ---
1 Alice               
2 Bob                 
--- SCAN FOR ---
2 Bob                  35
3 Carol                32
4 Dave                 45
--- SCAN WHILE ---
1 Alice                25
2 Bob                  35
3 Carol                32
