dBASE III Clone for SLOW-32
Stage 4C: Programming, Screen I/O & Indexing

. Enter field definitions (blank name to finish):
Field name: Type (C/N/D/L): Width (1-254): Field name: Type (C/N/D/L): Width (1-19): Decimals: Field name: Database PEOPLE.DBF created with 2 field(s).
. Database PEOPLE.DBF opened with 0 record(s).
. Record 1 added.
. . Record 2 added.
. . Record 3 added.
. . 3 record(s) indexed.
. . Alice 25
. . Bob 35
. . Charlie 30
. . Charlie 30
. Database closed.

